Archive member included to satisfy reference by file (symbol)

/home/johan/Development/stm32/Ac6/SystemWorkbench/plugins/fr.ac6.mcu.externaltools.arm-none.linux64_1.17.0.201812190825/tools/compiler/bin/../lib/gcc/arm-none-eabi/7.3.1/../../../../arm-none-eabi/lib/thumb/v7-m/libc_nano.a(lib_a-errno.o)
                              Src/syscalls.o (__errno)
/home/johan/Development/stm32/Ac6/SystemWorkbench/plugins/fr.ac6.mcu.externaltools.arm-none.linux64_1.17.0.201812190825/tools/compiler/bin/../lib/gcc/arm-none-eabi/7.3.1/../../../../arm-none-eabi/lib/thumb/v7-m/libc_nano.a(lib_a-exit.o)
                              /home/johan/Development/stm32/Ac6/SystemWorkbench/plugins/fr.ac6.mcu.externaltools.arm-none.linux64_1.17.0.201812190825/tools/compiler/bin/../lib/gcc/arm-none-eabi/7.3.1/../../../../arm-none-eabi/lib/thumb/v7-m/crt0.o (exit)
/home/johan/Development/stm32/Ac6/SystemWorkbench/plugins/fr.ac6.mcu.externaltools.arm-none.linux64_1.17.0.201812190825/tools/compiler/bin/../lib/gcc/arm-none-eabi/7.3.1/../../../../arm-none-eabi/lib/thumb/v7-m/libc_nano.a(lib_a-impure.o)
                              /home/johan/Development/stm32/Ac6/SystemWorkbench/plugins/fr.ac6.mcu.externaltools.arm-none.linux64_1.17.0.201812190825/tools/compiler/bin/../lib/gcc/arm-none-eabi/7.3.1/../../../../arm-none-eabi/lib/thumb/v7-m/libc_nano.a(lib_a-exit.o) (_global_impure_ptr)
/home/johan/Development/stm32/Ac6/SystemWorkbench/plugins/fr.ac6.mcu.externaltools.arm-none.linux64_1.17.0.201812190825/tools/compiler/bin/../lib/gcc/arm-none-eabi/7.3.1/../../../../arm-none-eabi/lib/thumb/v7-m/libc_nano.a(lib_a-init.o)
                              /home/johan/Development/stm32/Ac6/SystemWorkbench/plugins/fr.ac6.mcu.externaltools.arm-none.linux64_1.17.0.201812190825/tools/compiler/bin/../lib/gcc/arm-none-eabi/7.3.1/../../../../arm-none-eabi/lib/thumb/v7-m/crt0.o (__libc_init_array)
/home/johan/Development/stm32/Ac6/SystemWorkbench/plugins/fr.ac6.mcu.externaltools.arm-none.linux64_1.17.0.201812190825/tools/compiler/bin/../lib/gcc/arm-none-eabi/7.3.1/../../../../arm-none-eabi/lib/thumb/v7-m/libc_nano.a(lib_a-memset.o)
                              /home/johan/Development/stm32/Ac6/SystemWorkbench/plugins/fr.ac6.mcu.externaltools.arm-none.linux64_1.17.0.201812190825/tools/compiler/bin/../lib/gcc/arm-none-eabi/7.3.1/../../../../arm-none-eabi/lib/thumb/v7-m/crt0.o (memset)

Allocating common symbols
Common symbol       size              file

hUsbDeviceFS        0x224             Src/usb_device.o
uwTick              0x4               Drivers/STM32F1xx_HAL_Driver/Src/stm32f1xx_hal.o
pFlash              0x20              Drivers/STM32F1xx_HAL_Driver/Src/stm32f1xx_hal_flash.o
UserRxBufferFS      0x3e8             Src/usbd_cdc_if.o
UserTxBufferFS      0x3e8             Src/usbd_cdc_if.o
hpcd_USB_FS         0x460             Src/usbd_conf.o
USBD_StrDesc        0x200             Src/usbd_desc.o

Discarded input sections

 .text          0x0000000000000000        0x0 /home/johan/Development/stm32/Ac6/SystemWorkbench/plugins/fr.ac6.mcu.externaltools.arm-none.linux64_1.17.0.201812190825/tools/compiler/bin/../lib/gcc/arm-none-eabi/7.3.1/thumb/v7-m/crti.o
 .data          0x0000000000000000        0x0 /home/johan/Development/stm32/Ac6/SystemWorkbench/plugins/fr.ac6.mcu.externaltools.arm-none.linux64_1.17.0.201812190825/tools/compiler/bin/../lib/gcc/arm-none-eabi/7.3.1/thumb/v7-m/crti.o
 .bss           0x0000000000000000        0x0 /home/johan/Development/stm32/Ac6/SystemWorkbench/plugins/fr.ac6.mcu.externaltools.arm-none.linux64_1.17.0.201812190825/tools/compiler/bin/../lib/gcc/arm-none-eabi/7.3.1/thumb/v7-m/crti.o
 .data          0x0000000000000000        0x4 /home/johan/Development/stm32/Ac6/SystemWorkbench/plugins/fr.ac6.mcu.externaltools.arm-none.linux64_1.17.0.201812190825/tools/compiler/bin/../lib/gcc/arm-none-eabi/7.3.1/thumb/v7-m/crtbegin.o
 .text          0x0000000000000000       0x74 /home/johan/Development/stm32/Ac6/SystemWorkbench/plugins/fr.ac6.mcu.externaltools.arm-none.linux64_1.17.0.201812190825/tools/compiler/bin/../lib/gcc/arm-none-eabi/7.3.1/../../../../arm-none-eabi/lib/thumb/v7-m/crt0.o
 .data          0x0000000000000000        0x0 /home/johan/Development/stm32/Ac6/SystemWorkbench/plugins/fr.ac6.mcu.externaltools.arm-none.linux64_1.17.0.201812190825/tools/compiler/bin/../lib/gcc/arm-none-eabi/7.3.1/../../../../arm-none-eabi/lib/thumb/v7-m/crt0.o
 .bss           0x0000000000000000        0x0 /home/johan/Development/stm32/Ac6/SystemWorkbench/plugins/fr.ac6.mcu.externaltools.arm-none.linux64_1.17.0.201812190825/tools/compiler/bin/../lib/gcc/arm-none-eabi/7.3.1/../../../../arm-none-eabi/lib/thumb/v7-m/crt0.o
 .ARM.extab     0x0000000000000000        0x0 /home/johan/Development/stm32/Ac6/SystemWorkbench/plugins/fr.ac6.mcu.externaltools.arm-none.linux64_1.17.0.201812190825/tools/compiler/bin/../lib/gcc/arm-none-eabi/7.3.1/../../../../arm-none-eabi/lib/thumb/v7-m/crt0.o
[...]
Memory Configuration

Name             Origin             Length             Attributes
RAM              0x0000000020000000 0x0000000000005000 xrw
FLASH            0x0000000008000000 0x0000000000010000 xr
*default*        0x0000000000000000 0xffffffffffffffff

Linker script and memory map

LOAD /home/johan/Development/stm32/Ac6/SystemWorkbench/plugins/fr.ac6.mcu.externaltools.arm-none.linux64_1.17.0.201812190825/tools/compiler/bin/../lib/gcc/arm-none-eabi/7.3.1/thumb/v7-m/crti.o
LOAD /home/johan/Development/stm32/Ac6/SystemWorkbench/plugins/fr.ac6.mcu.externaltools.arm-none.linux64_1.17.0.201812190825/tools/compiler/bin/../lib/gcc/arm-none-eabi/7.3.1/thumb/v7-m/crtbegin.o
LOAD /home/johan/Development/stm32/Ac6/SystemWorkbench/plugins/fr.ac6.mcu.externaltools.arm-none.linux64_1.17.0.201812190825/tools/compiler/bin/../lib/gcc/arm-none-eabi/7.3.1/../../../../arm-none-eabi/lib/thumb/v7-m/crt0.o
LOAD Drivers/STM32F1xx_HAL_Driver/Src/stm32f1xx_hal.o
LOAD Drivers/STM32F1xx_HAL_Driver/Src/stm32f1xx_hal_cortex.o
LOAD Drivers/STM32F1xx_HAL_Driver/Src/stm32f1xx_hal_dma.o
LOAD Drivers/STM32F1xx_HAL_Driver/Src/stm32f1xx_hal_flash.o
LOAD Drivers/STM32F1xx_HAL_Driver/Src/stm32f1xx_hal_flash_ex.o
LOAD Drivers/STM32F1xx_HAL_Driver/Src/stm32f1xx_hal_gpio.o
LOAD Drivers/STM32F1xx_HAL_Driver/Src/stm32f1xx_hal_gpio_ex.o
LOAD Drivers/STM32F1xx_HAL_Driver/Src/stm32f1xx_hal_pcd.o
LOAD Drivers/STM32F1xx_HAL_Driver/Src/stm32f1xx_hal_pcd_ex.o
LOAD Drivers/STM32F1xx_HAL_Driver/Src/stm32f1xx_hal_pwr.o
LOAD Drivers/STM32F1xx_HAL_Driver/Src/stm32f1xx_hal_rcc.o
LOAD Drivers/STM32F1xx_HAL_Driver/Src/stm32f1xx_hal_rcc_ex.o
LOAD Drivers/STM32F1xx_HAL_Driver/Src/stm32f1xx_hal_tim.o
LOAD Drivers/STM32F1xx_HAL_Driver/Src/stm32f1xx_hal_tim_ex.o
LOAD Drivers/STM32F1xx_HAL_Driver/Src/stm32f1xx_ll_usb.o
LOAD Middlewares/ST/STM32_USB_Device_Library/Class/CDC/Src/usbd_cdc.o
LOAD Middlewares/ST/STM32_USB_Device_Library/Core/Src/usbd_core.o
LOAD Middlewares/ST/STM32_USB_Device_Library/Core/Src/usbd_ctlreq.o
LOAD Middlewares/ST/STM32_USB_Device_Library/Core/Src/usbd_ioreq.o
LOAD Src/main.o
LOAD Src/stm32f1xx_hal_msp.o
LOAD Src/stm32f1xx_it.o
LOAD Src/syscalls.o
LOAD Src/system_stm32f1xx.o
LOAD Src/usb_device.o
LOAD Src/usbd_cdc_if.o
LOAD Src/usbd_conf.o
LOAD Src/usbd_desc.o
LOAD startup/startup_stm32f103xb.o
LOAD /home/johan/Development/stm32/Ac6/SystemWorkbench/plugins/fr.ac6.mcu.externaltools.arm-none.linux64_1.17.0.201812190825/tools/compiler/bin/../lib/gcc/arm-none-eabi/7.3.1/../../../../arm-none-eabi/lib/thumb/v7-m/libm.a
START GROUP
LOAD /home/johan/Development/stm32/Ac6/SystemWorkbench/plugins/fr.ac6.mcu.externaltools.arm-none.linux64_1.17.0.201812190825/tools/compiler/bin/../lib/gcc/arm-none-eabi/7.3.1/thumb/v7-m/libgcc.a
LOAD /home/johan/Development/stm32/Ac6/SystemWorkbench/plugins/fr.ac6.mcu.externaltools.arm-none.linux64_1.17.0.201812190825/tools/compiler/bin/../lib/gcc/arm-none-eabi/7.3.1/../../../../arm-none-eabi/lib/thumb/v7-m/libc_nano.a
END GROUP
START GROUP
LOAD /home/johan/Development/stm32/Ac6/SystemWorkbench/plugins/fr.ac6.mcu.externaltools.arm-none.linux64_1.17.0.201812190825/tools/compiler/bin/../lib/gcc/arm-none-eabi/7.3.1/thumb/v7-m/libgcc.a
LOAD /home/johan/Development/stm32/Ac6/SystemWorkbench/plugins/fr.ac6.mcu.externaltools.arm-none.linux64_1.17.0.201812190825/tools/compiler/bin/../lib/gcc/arm-none-eabi/7.3.1/../../../../arm-none-eabi/lib/thumb/v7-m/libc_nano.a
LOAD /home/johan/Development/stm32/Ac6/SystemWorkbench/plugins/fr.ac6.mcu.externaltools.arm-none.linux64_1.17.0.201812190825/tools/compiler/bin/../lib/gcc/arm-none-eabi/7.3.1/../../../../arm-none-eabi/lib/thumb/v7-m/libnosys.a
END GROUP
START GROUP
LOAD /home/johan/Development/stm32/Ac6/SystemWorkbench/plugins/fr.ac6.mcu.externaltools.arm-none.linux64_1.17.0.201812190825/tools/compiler/bin/../lib/gcc/arm-none-eabi/7.3.1/thumb/v7-m/libgcc.a
LOAD /home/johan/Development/stm32/Ac6/SystemWorkbench/plugins/fr.ac6.mcu.externaltools.arm-none.linux64_1.17.0.201812190825/tools/compiler/bin/../lib/gcc/arm-none-eabi/7.3.1/../../../../arm-none-eabi/lib/thumb/v7-m/libc_nano.a
LOAD /home/johan/Development/stm32/Ac6/SystemWorkbench/plugins/fr.ac6.mcu.externaltools.arm-none.linux64_1.17.0.201812190825/tools/compiler/bin/../lib/gcc/arm-none-eabi/7.3.1/../../../../arm-none-eabi/lib/thumb/v7-m/libnosys.a
END GROUP
LOAD /home/johan/Development/stm32/Ac6/SystemWorkbench/plugins/fr.ac6.mcu.externaltools.arm-none.linux64_1.17.0.201812190825/tools/compiler/bin/../lib/gcc/arm-none-eabi/7.3.1/thumb/v7-m/crtend.o
LOAD /home/johan/Development/stm32/Ac6/SystemWorkbench/plugins/fr.ac6.mcu.externaltools.arm-none.linux64_1.17.0.201812190825/tools/compiler/bin/../lib/gcc/arm-none-eabi/7.3.1/thumb/v7-m/crtn.o
                0x0000000020005000                _estack = 0x20005000
                0x0000000000000200                _Min_Heap_Size = 0x200
                0x0000000000000400                _Min_Stack_Size = 0x400

.isr_vector     0x0000000008000000      0x10c
                0x0000000008000000                . = ALIGN (0x4)
 *(.isr_vector)
 .isr_vector    0x0000000008000000      0x10c startup/startup_stm32f103xb.o
                0x0000000008000000                g_pfnVectors
                0x000000000800010c                . = ALIGN (0x4)

.text           0x000000000800010c     0x2d34
                0x000000000800010c                . = ALIGN (0x4)
 *(.text)
 .text          0x000000000800010c       0x40 /home/johan/Development/stm32/Ac6/SystemWorkbench/plugins/fr.ac6.mcu.externaltools.arm-none.linux64_1.17.0.201812190825/tools/compiler/bin/../lib/gcc/arm-none-eabi/7.3.1/thumb/v7-m/crtbegin.o
 *(.text*)
 .text.HAL_InitTick
                0x000000000800014c       0x48 Drivers/STM32F1xx_HAL_Driver/Src/stm32f1xx_hal.o
                0x000000000800014c                HAL_InitTick
 .text.HAL_Init
                0x0000000008000194       0x24 Drivers/STM32F1xx_HAL_Driver/Src/stm32f1xx_hal.o
                0x0000000008000194                HAL_Init
 .text.HAL_IncTick
                0x00000000080001b8       0x18 Drivers/STM32F1xx_HAL_Driver/Src/stm32f1xx_hal.o
                0x00000000080001b8                HAL_IncTick
 .text.HAL_GetTick
                0x00000000080001d0        0xc Drivers/STM32F1xx_HAL_Driver/Src/stm32f1xx_hal.o
                0x00000000080001d0                HAL_GetTick
 .text.HAL_NVIC_SetPriorityGrouping
                0x00000000080001dc       0x24 Drivers/STM32F1xx_HAL_Driver/Src/stm32f1xx_hal_cortex.o
                0x00000000080001dc                HAL_NVIC_SetPriorityGrouping
 .text.HAL_NVIC_SetPriority
                0x0000000008000200       0x68 Drivers/STM32F1xx_HAL_Driver/Src/stm32f1xx_hal_cortex.o
                0x0000000008000200                HAL_NVIC_SetPriority
 .text.HAL_NVIC_EnableIRQ
                0x0000000008000268       0x18 Drivers/STM32F1xx_HAL_Driver/Src/stm32f1xx_hal_cortex.o
                0x0000000008000268                HAL_NVIC_EnableIRQ
 .text.HAL_SYSTICK_Config
                0x0000000008000280       0x2c Drivers/STM32F1xx_HAL_Driver/Src/stm32f1xx_hal_cortex.o
                0x0000000008000280                HAL_SYSTICK_Config
 .text.HAL_GPIO_Init
                0x00000000080002ac      0x1d4 Drivers/STM32F1xx_HAL_Driver/Src/stm32f1xx_hal_gpio.o
                0x00000000080002ac                HAL_GPIO_Init
 .text.HAL_GPIO_WritePin
                0x0000000008000480        0xc Drivers/STM32F1xx_HAL_Driver/Src/stm32f1xx_hal_gpio.o
                0x0000000008000480                HAL_GPIO_WritePin
 .text.HAL_PCD_Init
                0x000000000800048c       0xd6 Drivers/STM32F1xx_HAL_Driver/Src/stm32f1xx_hal_pcd.o
                0x000000000800048c                HAL_PCD_Init
 .text.HAL_PCD_Start
                0x0000000008000562       0x2e Drivers/STM32F1xx_HAL_Driver/Src/stm32f1xx_hal_pcd.o
                0x0000000008000562                HAL_PCD_Start
 .text.HAL_PCD_SetAddress
                0x0000000008000590       0x28 Drivers/STM32F1xx_HAL_Driver/Src/stm32f1xx_hal_pcd.o
                0x0000000008000590                HAL_PCD_SetAddress
 .text.HAL_PCD_EP_Open
                0x00000000080005b8       0x52 Drivers/STM32F1xx_HAL_Driver/Src/stm32f1xx_hal_pcd.o
                0x00000000080005b8                HAL_PCD_EP_Open
 .text.HAL_PCD_EP_Close
                0x000000000800060a       0x4e Drivers/STM32F1xx_HAL_Driver/Src/stm32f1xx_hal_pcd.o
                0x000000000800060a                HAL_PCD_EP_Close
 .text.HAL_PCD_EP_Receive
                0x0000000008000658       0x3e Drivers/STM32F1xx_HAL_Driver/Src/stm32f1xx_hal_pcd.o
                0x0000000008000658                HAL_PCD_EP_Receive
 .text.HAL_PCD_EP_GetRxCount
                0x0000000008000696        0xe Drivers/STM32F1xx_HAL_Driver/Src/stm32f1xx_hal_pcd.o
                0x0000000008000696                HAL_PCD_EP_GetRxCount
 .text.HAL_PCD_EP_Transmit
                0x00000000080006a4       0x3c Drivers/STM32F1xx_HAL_Driver/Src/stm32f1xx_hal_pcd.o
                0x00000000080006a4                HAL_PCD_EP_Transmit
 .text.PCD_EP_ISR_Handler
                0x00000000080006e0      0x444 Drivers/STM32F1xx_HAL_Driver/Src/stm32f1xx_hal_pcd.o
 .text.HAL_PCD_IRQHandler
                0x0000000008000b24      0x160 Drivers/STM32F1xx_HAL_Driver/Src/stm32f1xx_hal_pcd.o
                0x0000000008000b24                HAL_PCD_IRQHandler
 .text.HAL_PCD_EP_SetStall
                0x0000000008000c84       0x5c Drivers/STM32F1xx_HAL_Driver/Src/stm32f1xx_hal_pcd.o
                0x0000000008000c84                HAL_PCD_EP_SetStall
 .text.HAL_PCD_EP_ClrStall
                0x0000000008000ce0       0x4e Drivers/STM32F1xx_HAL_Driver/Src/stm32f1xx_hal_pcd.o
                0x0000000008000ce0                HAL_PCD_EP_ClrStall
 .text.HAL_PCDEx_PMAConfig
                0x0000000008000d2e       0x30 Drivers/STM32F1xx_HAL_Driver/Src/stm32f1xx_hal_pcd_ex.o
                0x0000000008000d2e                HAL_PCDEx_PMAConfig
 *fill*         0x0000000008000d5e        0x2 
 .text.RCC_Delay
                0x0000000008000d60       0x2c Drivers/STM32F1xx_HAL_Driver/Src/stm32f1xx_hal_rcc.o
 .text.HAL_RCC_OscConfig
                0x0000000008000d8c      0x3dc Drivers/STM32F1xx_HAL_Driver/Src/stm32f1xx_hal_rcc.o
                0x0000000008000d8c                HAL_RCC_OscConfig
 .text.HAL_RCC_GetSysClockFreq
                0x0000000008001168       0x70 Drivers/STM32F1xx_HAL_Driver/Src/stm32f1xx_hal_rcc.o
                0x0000000008001168                HAL_RCC_GetSysClockFreq
 .text.HAL_RCC_ClockConfig
                0x00000000080011d8      0x19c Drivers/STM32F1xx_HAL_Driver/Src/stm32f1xx_hal_rcc.o
                0x00000000080011d8                HAL_RCC_ClockConfig
 .text.HAL_RCCEx_PeriphCLKConfig
                0x0000000008001374      0x114 Drivers/STM32F1xx_HAL_Driver/Src/stm32f1xx_hal_rcc_ex.o
                0x0000000008001374                HAL_RCCEx_PeriphCLKConfig
 .text.USB_CoreInit
                0x0000000008001488        0xe Drivers/STM32F1xx_HAL_Driver/Src/stm32f1xx_ll_usb.o
                0x0000000008001488                USB_CoreInit
 .text.USB_EnableGlobalInt
                0x0000000008001496       0x10 Drivers/STM32F1xx_HAL_Driver/Src/stm32f1xx_ll_usb.o
                0x0000000008001496                USB_EnableGlobalInt
 .text.USB_DisableGlobalInt
                0x00000000080014a6       0x14 Drivers/STM32F1xx_HAL_Driver/Src/stm32f1xx_ll_usb.o
                0x00000000080014a6                USB_DisableGlobalInt
 .text.USB_SetCurrentMode
                0x00000000080014ba        0x4 Drivers/STM32F1xx_HAL_Driver/Src/stm32f1xx_ll_usb.o
                0x00000000080014ba                USB_SetCurrentMode
 .text.USB_DevInit
                0x00000000080014be       0x2c Drivers/STM32F1xx_HAL_Driver/Src/stm32f1xx_ll_usb.o
                0x00000000080014be                USB_DevInit
 .text.USB_ActivateEndpoint
                0x00000000080014ea      0x328 Drivers/STM32F1xx_HAL_Driver/Src/stm32f1xx_ll_usb.o
                0x00000000080014ea                USB_ActivateEndpoint
 .text.USB_DeactivateEndpoint
                0x0000000008001812      0x1c4 Drivers/STM32F1xx_HAL_Driver/Src/stm32f1xx_ll_usb.o
                0x0000000008001812                USB_DeactivateEndpoint
 .text.USB_EPSetStall
                0x00000000080019d6       0x6e Drivers/STM32F1xx_HAL_Driver/Src/stm32f1xx_ll_usb.o
                0x00000000080019d6                USB_EPSetStall
 .text.USB_EPClearStall
                0x0000000008001a44       0x92 Drivers/STM32F1xx_HAL_Driver/Src/stm32f1xx_ll_usb.o
                0x0000000008001a44                USB_EPClearStall
 .text.USB_SetDevAddress
                0x0000000008001ad6        0xc Drivers/STM32F1xx_HAL_Driver/Src/stm32f1xx_ll_usb.o
                0x0000000008001ad6                USB_SetDevAddress
 .text.USB_DevConnect
                0x0000000008001ae2        0x4 Drivers/STM32F1xx_HAL_Driver/Src/stm32f1xx_ll_usb.o
                0x0000000008001ae2                USB_DevConnect
 .text.USB_DevDisconnect
                0x0000000008001ae6        0x4 Drivers/STM32F1xx_HAL_Driver/Src/stm32f1xx_ll_usb.o
                0x0000000008001ae6                USB_DevDisconnect
 .text.USB_ReadInterrupts
                0x0000000008001aea        0x6 Drivers/STM32F1xx_HAL_Driver/Src/stm32f1xx_ll_usb.o
                0x0000000008001aea                USB_ReadInterrupts
 .text.USB_EP0_OutStart
                0x0000000008001af0        0x4 Drivers/STM32F1xx_HAL_Driver/Src/stm32f1xx_ll_usb.o
                0x0000000008001af0                USB_EP0_OutStart
 .text.USB_WritePMA
                0x0000000008001af4       0x2a Drivers/STM32F1xx_HAL_Driver/Src/stm32f1xx_ll_usb.o
                0x0000000008001af4                USB_WritePMA
 .text.USB_EPStartXfer
                0x0000000008001b1e      0x2ba Drivers/STM32F1xx_HAL_Driver/Src/stm32f1xx_ll_usb.o
                0x0000000008001b1e                USB_EPStartXfer
 .text.USB_ReadPMA
                0x0000000008001dd8       0x1e Drivers/STM32F1xx_HAL_Driver/Src/stm32f1xx_ll_usb.o
                0x0000000008001dd8                USB_ReadPMA
 .text.USBD_CDC_DataIn
                0x0000000008001df6       0x12 Middlewares/ST/STM32_USB_Device_Library/Class/CDC/Src/usbd_cdc.o
 .text.USBD_CDC_EP0_RxReady
                0x0000000008001e08       0x28 Middlewares/ST/STM32_USB_Device_Library/Class/CDC/Src/usbd_cdc.o
 .text.USBD_CDC_GetFSCfgDesc
                0x0000000008001e30        0xc Middlewares/ST/STM32_USB_Device_Library/Class/CDC/Src/usbd_cdc.o
 .text.USBD_CDC_GetHSCfgDesc
                0x0000000008001e3c        0xc Middlewares/ST/STM32_USB_Device_Library/Class/CDC/Src/usbd_cdc.o
 .text.USBD_CDC_GetOtherSpeedCfgDesc
                0x0000000008001e48        0xc Middlewares/ST/STM32_USB_Device_Library/Class/CDC/Src/usbd_cdc.o
 .text.USBD_CDC_GetDeviceQualifierDescriptor
                0x0000000008001e54        0xc Middlewares/ST/STM32_USB_Device_Library/Class/CDC/Src/usbd_cdc.o
                0x0000000008001e54                USBD_CDC_GetDeviceQualifierDescriptor
 .text.USBD_CDC_DataOut
                0x0000000008001e60       0x2e Middlewares/ST/STM32_USB_Device_Library/Class/CDC/Src/usbd_cdc.o
 *fill*         0x0000000008001e8e        0x2 
 .text.USBD_CDC_Setup
                0x0000000008001e90       0x74 Middlewares/ST/STM32_USB_Device_Library/Class/CDC/Src/usbd_cdc.o
 .text.USBD_CDC_DeInit
                0x0000000008001f04       0x3a Middlewares/ST/STM32_USB_Device_Library/Class/CDC/Src/usbd_cdc.o
 .text.USBD_CDC_Init
                0x0000000008001f3e       0x96 Middlewares/ST/STM32_USB_Device_Library/Class/CDC/Src/usbd_cdc.o
 .text.USBD_CDC_RegisterInterface
                0x0000000008001fd4        0xe Middlewares/ST/STM32_USB_Device_Library/Class/CDC/Src/usbd_cdc.o
                0x0000000008001fd4                USBD_CDC_RegisterInterface
 .text.USBD_CDC_SetTxBuffer
                0x0000000008001fe2       0x10 Middlewares/ST/STM32_USB_Device_Library/Class/CDC/Src/usbd_cdc.o
                0x0000000008001fe2                USBD_CDC_SetTxBuffer
 .text.USBD_CDC_SetRxBuffer
                0x0000000008001ff2        0xc Middlewares/ST/STM32_USB_Device_Library/Class/CDC/Src/usbd_cdc.o
                0x0000000008001ff2                USBD_CDC_SetRxBuffer
 .text.USBD_CDC_ReceivePacket
                0x0000000008001ffe       0x32 Middlewares/ST/STM32_USB_Device_Library/Class/CDC/Src/usbd_cdc.o
                0x0000000008001ffe                USBD_CDC_ReceivePacket
 .text.USBD_Init
                0x0000000008002030       0x2e Middlewares/ST/STM32_USB_Device_Library/Core/Src/usbd_core.o
                0x0000000008002030                USBD_Init
 .text.USBD_RegisterClass
                0x000000000800205e        0xe Middlewares/ST/STM32_USB_Device_Library/Core/Src/usbd_core.o
                0x000000000800205e                USBD_RegisterClass
 .text.USBD_Start
                0x000000000800206c        0xa Middlewares/ST/STM32_USB_Device_Library/Core/Src/usbd_core.o
                0x000000000800206c                USBD_Start
 .text.USBD_SetClassConfig
                0x0000000008002076       0x1a Middlewares/ST/STM32_USB_Device_Library/Core/Src/usbd_core.o
                0x0000000008002076                USBD_SetClassConfig
 .text.USBD_ClrClassConfig
                0x0000000008002090        0xe Middlewares/ST/STM32_USB_Device_Library/Core/Src/usbd_core.o
                0x0000000008002090                USBD_ClrClassConfig
 .text.USBD_LL_SetupStage
                0x000000000800209e       0x5a Middlewares/ST/STM32_USB_Device_Library/Core/Src/usbd_core.o
                0x000000000800209e                USBD_LL_SetupStage
 .text.USBD_LL_DataOutStage
                0x00000000080020f8       0x6a Middlewares/ST/STM32_USB_Device_Library/Core/Src/usbd_core.o
                0x00000000080020f8                USBD_LL_DataOutStage
 .text.USBD_LL_DataInStage
                0x0000000008002162       0xb0 Middlewares/ST/STM32_USB_Device_Library/Core/Src/usbd_core.o
                0x0000000008002162                USBD_LL_DataInStage
 .text.USBD_LL_Reset
                0x0000000008002212       0x3e Middlewares/ST/STM32_USB_Device_Library/Core/Src/usbd_core.o
                0x0000000008002212                USBD_LL_Reset
 .text.USBD_LL_SetSpeed
                0x0000000008002250        0x6 Middlewares/ST/STM32_USB_Device_Library/Core/Src/usbd_core.o
                0x0000000008002250                USBD_LL_SetSpeed
 .text.USBD_LL_Suspend
                0x0000000008002256       0x12 Middlewares/ST/STM32_USB_Device_Library/Core/Src/usbd_core.o
                0x0000000008002256                USBD_LL_Suspend
 .text.USBD_LL_Resume
                0x0000000008002268        0xc Middlewares/ST/STM32_USB_Device_Library/Core/Src/usbd_core.o
                0x0000000008002268                USBD_LL_Resume
 .text.USBD_LL_SOF
                0x0000000008002274       0x1c Middlewares/ST/STM32_USB_Device_Library/Core/Src/usbd_core.o
                0x0000000008002274                USBD_LL_SOF
 .text.USBD_GetLen
                0x0000000008002290       0x14 Middlewares/ST/STM32_USB_Device_Library/Core/Src/usbd_ctlreq.o
 .text.USBD_SetFeature
                0x00000000080022a4       0x20 Middlewares/ST/STM32_USB_Device_Library/Core/Src/usbd_ctlreq.o
 .text.USBD_ParseSetupRequest
                0x00000000080022c4       0x28 Middlewares/ST/STM32_USB_Device_Library/Core/Src/usbd_ctlreq.o
                0x00000000080022c4                USBD_ParseSetupRequest
 .text.USBD_CtlError
                0x00000000080022ec       0x14 Middlewares/ST/STM32_USB_Device_Library/Core/Src/usbd_ctlreq.o
                0x00000000080022ec                USBD_CtlError
 .text.USBD_GetDescriptor
                0x0000000008002300      0x132 Middlewares/ST/STM32_USB_Device_Library/Core/Src/usbd_ctlreq.o
 .text.USBD_SetAddress
                0x0000000008002432       0x4a Middlewares/ST/STM32_USB_Device_Library/Core/Src/usbd_ctlreq.o
 .text.USBD_SetConfig
                0x000000000800247c       0xa4 Middlewares/ST/STM32_USB_Device_Library/Core/Src/usbd_ctlreq.o
 .text.USBD_GetConfig
                0x0000000008002520       0x3a Middlewares/ST/STM32_USB_Device_Library/Core/Src/usbd_ctlreq.o
 .text.USBD_GetStatus
                0x000000000800255a       0x2c Middlewares/ST/STM32_USB_Device_Library/Core/Src/usbd_ctlreq.o
 .text.USBD_ClrFeature
                0x0000000008002586       0x30 Middlewares/ST/STM32_USB_Device_Library/Core/Src/usbd_ctlreq.o
 .text.USBD_StdDevReq
                0x00000000080025b6       0x48 Middlewares/ST/STM32_USB_Device_Library/Core/Src/usbd_ctlreq.o
                0x00000000080025b6                USBD_StdDevReq
 .text.USBD_StdItfReq
                0x00000000080025fe       0x38 Middlewares/ST/STM32_USB_Device_Library/Core/Src/usbd_ctlreq.o
                0x00000000080025fe                USBD_StdItfReq
 .text.USBD_StdEPReq
                0x0000000008002636      0x118 Middlewares/ST/STM32_USB_Device_Library/Core/Src/usbd_ctlreq.o
                0x0000000008002636                USBD_StdEPReq
 .text.USBD_GetString
                0x000000000800274e       0x3a Middlewares/ST/STM32_USB_Device_Library/Core/Src/usbd_ctlreq.o
                0x000000000800274e                USBD_GetString
 .text.USBD_CtlSendData
                0x0000000008002788       0x1a Middlewares/ST/STM32_USB_Device_Library/Core/Src/usbd_ioreq.o
                0x0000000008002788                USBD_CtlSendData
 .text.USBD_CtlContinueSendData
                0x00000000080027a2       0x10 Middlewares/ST/STM32_USB_Device_Library/Core/Src/usbd_ioreq.o
                0x00000000080027a2                USBD_CtlContinueSendData
 .text.USBD_CtlPrepareRx
                0x00000000080027b2       0x1e Middlewares/ST/STM32_USB_Device_Library/Core/Src/usbd_ioreq.o
                0x00000000080027b2                USBD_CtlPrepareRx
 .text.USBD_CtlContinueRx
                0x00000000080027d0       0x10 Middlewares/ST/STM32_USB_Device_Library/Core/Src/usbd_ioreq.o
                0x00000000080027d0                USBD_CtlContinueRx
 .text.USBD_CtlSendStatus
                0x00000000080027e0       0x16 Middlewares/ST/STM32_USB_Device_Library/Core/Src/usbd_ioreq.o
                0x00000000080027e0                USBD_CtlSendStatus
 .text.USBD_CtlReceiveStatus
                0x00000000080027f6       0x16 Middlewares/ST/STM32_USB_Device_Library/Core/Src/usbd_ioreq.o
                0x00000000080027f6                USBD_CtlReceiveStatus
 .text.MX_GPIO_Init
                0x000000000800280c       0x78 Src/main.o
 .text.SystemClock_Config
                0x0000000008002884       0x66 Src/main.o
                0x0000000008002884                SystemClock_Config
 .text.main     0x00000000080028ea       0x14 Src/main.o
                0x00000000080028ea                main
 .text.Error_Handler
                0x00000000080028fe        0x2 Src/main.o
                0x00000000080028fe                Error_Handler
 .text.HAL_MspInit
                0x0000000008002900       0x30 Src/stm32f1xx_hal_msp.o
                0x0000000008002900                HAL_MspInit
 .text.NMI_Handler
                0x0000000008002930        0x2 Src/stm32f1xx_it.o
                0x0000000008002930                NMI_Handler
 .text.HardFault_Handler
                0x0000000008002932        0x2 Src/stm32f1xx_it.o
                0x0000000008002932                HardFault_Handler
 .text.MemManage_Handler
                0x0000000008002934        0x2 Src/stm32f1xx_it.o
                0x0000000008002934                MemManage_Handler
 .text.BusFault_Handler
                0x0000000008002936        0x2 Src/stm32f1xx_it.o
                0x0000000008002936                BusFault_Handler
 .text.UsageFault_Handler
                0x0000000008002938        0x2 Src/stm32f1xx_it.o
                0x0000000008002938                UsageFault_Handler
 .text.SVC_Handler
                0x000000000800293a        0x2 Src/stm32f1xx_it.o
                0x000000000800293a                SVC_Handler
 .text.DebugMon_Handler
                0x000000000800293c        0x2 Src/stm32f1xx_it.o
                0x000000000800293c                DebugMon_Handler
 .text.PendSV_Handler
                0x000000000800293e        0x2 Src/stm32f1xx_it.o
                0x000000000800293e                PendSV_Handler
 .text.SysTick_Handler
                0x0000000008002940        0x8 Src/stm32f1xx_it.o
                0x0000000008002940                SysTick_Handler
 .text.USB_LP_CAN1_RX0_IRQHandler
                0x0000000008002948       0x10 Src/stm32f1xx_it.o
                0x0000000008002948                USB_LP_CAN1_RX0_IRQHandler
 .text.SystemInit
                0x0000000008002958       0x4c Src/system_stm32f1xx.o
                0x0000000008002958                SystemInit
 .text.MX_USB_DEVICE_Init
                0x00000000080029a4       0x54 Src/usb_device.o
                0x00000000080029a4                MX_USB_DEVICE_Init
 .text.CDC_DeInit_FS
                0x00000000080029f8        0x4 Src/usbd_cdc_if.o
 .text.CDC_Control_FS
                0x00000000080029fc        0x4 Src/usbd_cdc_if.o
 .text.CDC_Receive_FS
                0x0000000008002a00       0x1c Src/usbd_cdc_if.o
 .text.CDC_Init_FS
                0x0000000008002a1c       0x28 Src/usbd_cdc_if.o
 .text.USBD_Get_USB_Status
                0x0000000008002a44       0x12 Src/usbd_conf.o
 *fill*         0x0000000008002a56        0x2 
 .text.HAL_PCD_MspInit
                0x0000000008002a58       0x40 Src/usbd_conf.o
                0x0000000008002a58                HAL_PCD_MspInit
 .text.HAL_PCD_SetupStageCallback
                0x0000000008002a98       0x10 Src/usbd_conf.o
                0x0000000008002a98                HAL_PCD_SetupStageCallback
 .text.HAL_PCD_DataOutStageCallback
                0x0000000008002aa8       0x14 Src/usbd_conf.o
                0x0000000008002aa8                HAL_PCD_DataOutStageCallback
 .text.HAL_PCD_DataInStageCallback
                0x0000000008002abc       0x12 Src/usbd_conf.o
                0x0000000008002abc                HAL_PCD_DataInStageCallback
 .text.HAL_PCD_SOFCallback
                0x0000000008002ace        0xc Src/usbd_conf.o
                0x0000000008002ace                HAL_PCD_SOFCallback
 .text.HAL_PCD_ResetCallback
                0x0000000008002ada       0x22 Src/usbd_conf.o
                0x0000000008002ada                HAL_PCD_ResetCallback
 .text.HAL_PCD_SuspendCallback
                0x0000000008002afc       0x20 Src/usbd_conf.o
                0x0000000008002afc                HAL_PCD_SuspendCallback
 .text.HAL_PCD_ResumeCallback
                0x0000000008002b1c        0xc Src/usbd_conf.o
                0x0000000008002b1c                HAL_PCD_ResumeCallback
 .text.USBD_LL_Init
                0x0000000008002b28       0x84 Src/usbd_conf.o
                0x0000000008002b28                USBD_LL_Init
 .text.USBD_LL_Start
                0x0000000008002bac       0x10 Src/usbd_conf.o
                0x0000000008002bac                USBD_LL_Start
 .text.USBD_LL_OpenEP
                0x0000000008002bbc       0x16 Src/usbd_conf.o
                0x0000000008002bbc                USBD_LL_OpenEP
 .text.USBD_LL_CloseEP
                0x0000000008002bd2       0x10 Src/usbd_conf.o
                0x0000000008002bd2                USBD_LL_CloseEP
 .text.USBD_LL_StallEP
                0x0000000008002be2       0x10 Src/usbd_conf.o
                0x0000000008002be2                USBD_LL_StallEP
 .text.USBD_LL_ClearStallEP
                0x0000000008002bf2       0x10 Src/usbd_conf.o
                0x0000000008002bf2                USBD_LL_ClearStallEP
 .text.USBD_LL_IsStallEP
                0x0000000008002c02       0x26 Src/usbd_conf.o
                0x0000000008002c02                USBD_LL_IsStallEP
 .text.USBD_LL_SetUSBAddress
                0x0000000008002c28       0x10 Src/usbd_conf.o
                0x0000000008002c28                USBD_LL_SetUSBAddress
 .text.USBD_LL_Transmit
                0x0000000008002c38       0x10 Src/usbd_conf.o
                0x0000000008002c38                USBD_LL_Transmit
 .text.USBD_LL_PrepareReceive
                0x0000000008002c48       0x10 Src/usbd_conf.o
                0x0000000008002c48                USBD_LL_PrepareReceive
 .text.USBD_LL_GetRxDataSize
                0x0000000008002c58        0xc Src/usbd_conf.o
                0x0000000008002c58                USBD_LL_GetRxDataSize
 .text.USBD_static_malloc
                0x0000000008002c64        0x8 Src/usbd_conf.o
                0x0000000008002c64                USBD_static_malloc
 .text.USBD_static_free
                0x0000000008002c6c        0x2 Src/usbd_conf.o
                0x0000000008002c6c                USBD_static_free
 .text.HAL_PCDEx_SetConnectionState
                0x0000000008002c6e        0x2 Src/usbd_conf.o
                0x0000000008002c6e                HAL_PCDEx_SetConnectionState
 .text.USBD_FS_DeviceDescriptor
                0x0000000008002c70        0xc Src/usbd_desc.o
                0x0000000008002c70                USBD_FS_DeviceDescriptor
 .text.USBD_FS_LangIDStrDescriptor
                0x0000000008002c7c        0xc Src/usbd_desc.o
                0x0000000008002c7c                USBD_FS_LangIDStrDescriptor
 .text.IntToUnicode
                0x0000000008002c88       0x36 Src/usbd_desc.o
 *fill*         0x0000000008002cbe        0x2 
 .text.Get_SerialNum
                0x0000000008002cc0       0x38 Src/usbd_desc.o
 .text.USBD_FS_SerialStrDescriptor
                0x0000000008002cf8       0x14 Src/usbd_desc.o
                0x0000000008002cf8                USBD_FS_SerialStrDescriptor
 .text.USBD_FS_ProductStrDescriptor
                0x0000000008002d0c       0x24 Src/usbd_desc.o
                0x0000000008002d0c                USBD_FS_ProductStrDescriptor
 .text.USBD_FS_ManufacturerStrDescriptor
                0x0000000008002d30       0x1c Src/usbd_desc.o
                0x0000000008002d30                USBD_FS_ManufacturerStrDescriptor
 .text.USBD_FS_ConfigStrDescriptor
                0x0000000008002d4c       0x24 Src/usbd_desc.o
                0x0000000008002d4c                USBD_FS_ConfigStrDescriptor
 .text.USBD_FS_InterfaceStrDescriptor
                0x0000000008002d70       0x24 Src/usbd_desc.o
                0x0000000008002d70                USBD_FS_InterfaceStrDescriptor
 .text.Reset_Handler
                0x0000000008002d94       0x48 startup/startup_stm32f103xb.o
                0x0000000008002d94                Reset_Handler
 .text.Default_Handler
                0x0000000008002ddc        0x2 startup/startup_stm32f103xb.o
                0x0000000008002ddc                RTC_Alarm_IRQHandler
                0x0000000008002ddc                EXTI2_IRQHandler
                0x0000000008002ddc                TIM1_CC_IRQHandler
                0x0000000008002ddc                PVD_IRQHandler
                0x0000000008002ddc                EXTI3_IRQHandler
                0x0000000008002ddc                EXTI0_IRQHandler
                0x0000000008002ddc                I2C2_EV_IRQHandler
                0x0000000008002ddc                ADC1_2_IRQHandler
                0x0000000008002ddc                SPI1_IRQHandler
                0x0000000008002ddc                TAMPER_IRQHandler
                0x0000000008002ddc                DMA1_Channel4_IRQHandler
                0x0000000008002ddc                USART3_IRQHandler
                0x0000000008002ddc                RTC_IRQHandler
                0x0000000008002ddc                DMA1_Channel7_IRQHandler
                0x0000000008002ddc                CAN1_RX1_IRQHandler
                0x0000000008002ddc                TIM4_IRQHandler
                0x0000000008002ddc                I2C1_EV_IRQHandler
                0x0000000008002ddc                DMA1_Channel6_IRQHandler
                0x0000000008002ddc                TIM3_IRQHandler
                0x0000000008002ddc                RCC_IRQHandler
                0x0000000008002ddc                TIM1_TRG_COM_IRQHandler
                0x0000000008002ddc                DMA1_Channel1_IRQHandler
                0x0000000008002ddc                Default_Handler
                0x0000000008002ddc                EXTI15_10_IRQHandler
                0x0000000008002ddc                EXTI9_5_IRQHandler
                0x0000000008002ddc                SPI2_IRQHandler
                0x0000000008002ddc                DMA1_Channel5_IRQHandler
                0x0000000008002ddc                EXTI4_IRQHandler
                0x0000000008002ddc                USB_HP_CAN1_TX_IRQHandler
                0x0000000008002ddc                DMA1_Channel3_IRQHandler
                0x0000000008002ddc                TIM1_UP_IRQHandler
                0x0000000008002ddc                WWDG_IRQHandler
                0x0000000008002ddc                TIM2_IRQHandler
                0x0000000008002ddc                TIM1_BRK_IRQHandler
                0x0000000008002ddc                EXTI1_IRQHandler
                0x0000000008002ddc                USART2_IRQHandler
                0x0000000008002ddc                I2C2_ER_IRQHandler
                0x0000000008002ddc                DMA1_Channel2_IRQHandler
                0x0000000008002ddc                CAN1_SCE_IRQHandler
                0x0000000008002ddc                FLASH_IRQHandler
                0x0000000008002ddc                USART1_IRQHandler
                0x0000000008002ddc                I2C1_ER_IRQHandler
                0x0000000008002ddc                USBWakeUp_IRQHandler
 *fill*         0x0000000008002dde        0x2 
 .text.__libc_init_array
                0x0000000008002de0       0x48 /home/johan/Development/stm32/Ac6/SystemWorkbench/plugins/fr.ac6.mcu.externaltools.arm-none.linux64_1.17.0.201812190825/tools/compiler/bin/../lib/gcc/arm-none-eabi/7.3.1/../../../../arm-none-eabi/lib/thumb/v7-m/libc_nano.a(lib_a-init.o)
                0x0000000008002de0                __libc_init_array
 *(.glue_7)
 .glue_7        0x0000000008002e28        0x0 linker stubs
 *(.glue_7t)
 .glue_7t       0x0000000008002e28        0x0 linker stubs
 *(.eh_frame)
 .eh_frame      0x0000000008002e28        0x0 /home/johan/Development/stm32/Ac6/SystemWorkbench/plugins/fr.ac6.mcu.externaltools.arm-none.linux64_1.17.0.201812190825/tools/compiler/bin/../lib/gcc/arm-none-eabi/7.3.1/thumb/v7-m/crtbegin.o
 *(.init)
 .init          0x0000000008002e28        0x4 /home/johan/Development/stm32/Ac6/SystemWorkbench/plugins/fr.ac6.mcu.externaltools.arm-none.linux64_1.17.0.201812190825/tools/compiler/bin/../lib/gcc/arm-none-eabi/7.3.1/thumb/v7-m/crti.o
                0x0000000008002e28                _init
 .init          0x0000000008002e2c        0x8 /home/johan/Development/stm32/Ac6/SystemWorkbench/plugins/fr.ac6.mcu.externaltools.arm-none.linux64_1.17.0.201812190825/tools/compiler/bin/../lib/gcc/arm-none-eabi/7.3.1/thumb/v7-m/crtn.o
 *(.fini)
 .fini          0x0000000008002e34        0x4 /home/johan/Development/stm32/Ac6/SystemWorkbench/plugins/fr.ac6.mcu.externaltools.arm-none.linux64_1.17.0.201812190825/tools/compiler/bin/../lib/gcc/arm-none-eabi/7.3.1/thumb/v7-m/crti.o
                0x0000000008002e34                _fini
 .fini          0x0000000008002e38        0x8 /home/johan/Development/stm32/Ac6/SystemWorkbench/plugins/fr.ac6.mcu.externaltools.arm-none.linux64_1.17.0.201812190825/tools/compiler/bin/../lib/gcc/arm-none-eabi/7.3.1/thumb/v7-m/crtn.o
                0x0000000008002e40                . = ALIGN (0x4)
                0x0000000008002e40                _etext = .

.vfp11_veneer   0x0000000008002e40        0x0
 .vfp11_veneer  0x0000000008002e40        0x0 linker stubs

.v4_bx          0x0000000008002e40        0x0
 .v4_bx         0x0000000008002e40        0x0 linker stubs

.iplt           0x0000000008002e40        0x0
 .iplt          0x0000000008002e40        0x0 /home/johan/Development/stm32/Ac6/SystemWorkbench/plugins/fr.ac6.mcu.externaltools.arm-none.linux64_1.17.0.201812190825/tools/compiler/bin/../lib/gcc/arm-none-eabi/7.3.1/thumb/v7-m/crtbegin.o

.rodata         0x0000000008002e40       0x6c
                0x0000000008002e40                . = ALIGN (0x4)
 *(.rodata)
 .rodata        0x0000000008002e40       0x12 Drivers/STM32F1xx_HAL_Driver/Src/stm32f1xx_hal_rcc.o
 *fill*         0x0000000008002e52        0x2 
 .rodata        0x0000000008002e54       0x18 Src/system_stm32f1xx.o
                0x0000000008002e54                AHBPrescTable
                0x0000000008002e64                APBPrescTable
 *(.rodata*)
 .rodata.str1.4
                0x0000000008002e6c       0x40 Src/usbd_desc.o
                                         0x3e (size before relaxing)
                0x0000000008002eac                . = ALIGN (0x4)

.rel.dyn        0x0000000008002eac        0x0
 .rel.iplt      0x0000000008002eac        0x0 /home/johan/Development/stm32/Ac6/SystemWorkbench/plugins/fr.ac6.mcu.externaltools.arm-none.linux64_1.17.0.201812190825/tools/compiler/bin/../lib/gcc/arm-none-eabi/7.3.1/thumb/v7-m/crtbegin.o

.ARM.extab
 *(.ARM.extab* .gnu.linkonce.armextab.*)

.ARM            0x0000000008002eac        0x0
                0x0000000008002eac                __exidx_start = .
 *(.ARM.exidx*)
                0x0000000008002eac                __exidx_end = .

.preinit_array  0x0000000008002eac        0x0
                0x0000000008002eac                PROVIDE (__preinit_array_start = .)
 *(.preinit_array*)
                0x0000000008002eac                PROVIDE (__preinit_array_end = .)

.init_array     0x0000000008002eac        0x4
                0x0000000008002eac                PROVIDE (__init_array_start = .)
 *(SORT_BY_NAME(.init_array.*))
 *(.init_array*)
 .init_array    0x0000000008002eac        0x4 /home/johan/Development/stm32/Ac6/SystemWorkbench/plugins/fr.ac6.mcu.externaltools.arm-none.linux64_1.17.0.201812190825/tools/compiler/bin/../lib/gcc/arm-none-eabi/7.3.1/thumb/v7-m/crtbegin.o
                0x0000000008002eb0                PROVIDE (__init_array_end = .)

.fini_array     0x0000000008002eb0        0x4
                [!provide]                        PROVIDE (__fini_array_start = .)
 *(SORT_BY_NAME(.fini_array.*))
 *(.fini_array*)
 .fini_array    0x0000000008002eb0        0x4 /home/johan/Development/stm32/Ac6/SystemWorkbench/plugins/fr.ac6.mcu.externaltools.arm-none.linux64_1.17.0.201812190825/tools/compiler/bin/../lib/gcc/arm-none-eabi/7.3.1/thumb/v7-m/crtbegin.o
                [!provide]                        PROVIDE (__fini_array_end = .)
                0x0000000008002eb4                _sidata = LOADADDR (.data)

.data           0x0000000020000000      0x17c load address 0x0000000008002eb4
                0x0000000020000000                . = ALIGN (0x4)
                0x0000000020000000                _sdata = .
 *(.data)
 .data          0x0000000020000000        0x8 Drivers/STM32F1xx_HAL_Driver/Src/stm32f1xx_hal.o
                0x0000000020000000                uwTickFreq
                0x0000000020000004                uwTickPrio
 .data          0x0000000020000008      0x110 Middlewares/ST/STM32_USB_Device_Library/Class/CDC/Src/usbd_cdc.o
                0x0000000020000008                USBD_CDC_CfgFSDesc
                0x000000002000004c                USBD_CDC_CfgHSDesc
                0x0000000020000090                USBD_CDC_OtherSpeedCfgDesc
                0x00000000200000e0                USBD_CDC
 .data          0x0000000020000118        0x4 Src/system_stm32f1xx.o
                0x0000000020000118                SystemCoreClock
 .data          0x000000002000011c       0x10 Src/usbd_cdc_if.o
                0x000000002000011c                USBD_Interface_fops_FS
 .data          0x000000002000012c       0x50 Src/usbd_desc.o
                0x000000002000012c                USBD_FS_DeviceDesc
                0x0000000020000140                USBD_LangIDDesc
                0x0000000020000144                USBD_StringSerial
                0x0000000020000160                FS_Desc
 *(.data*)
                0x000000002000017c                . = ALIGN (0x4)
                0x000000002000017c                _edata = .

.igot.plt       0x000000002000017c        0x0 load address 0x0000000008003030
 .igot.plt      0x000000002000017c        0x0 /home/johan/Development/stm32/Ac6/SystemWorkbench/plugins/fr.ac6.mcu.externaltools.arm-none.linux64_1.17.0.201812190825/tools/compiler/bin/../lib/gcc/arm-none-eabi/7.3.1/thumb/v7-m/crtbegin.o
                0x000000002000017c                . = ALIGN (0x4)

.bss            0x000000002000017c     0x1298 load address 0x0000000008003030
                0x000000002000017c                _sbss = .
                0x000000002000017c                __bss_start__ = _sbss
 *(.bss)
 .bss           0x000000002000017c       0x1c /home/johan/Development/stm32/Ac6/SystemWorkbench/plugins/fr.ac6.mcu.externaltools.arm-none.linux64_1.17.0.201812190825/tools/compiler/bin/../lib/gcc/arm-none-eabi/7.3.1/thumb/v7-m/crtbegin.o
 .bss           0x0000000020000198        0x1 Middlewares/ST/STM32_USB_Device_Library/Class/CDC/Src/usbd_cdc.o
 .bss           0x0000000020000199        0x1 Middlewares/ST/STM32_USB_Device_Library/Core/Src/usbd_ctlreq.o
 *fill*         0x000000002000019a        0x2 
 .bss           0x000000002000019c      0x220 Src/usbd_conf.o
 *(.bss*)
 *(COMMON)
 COMMON         0x00000000200003bc        0x4 Drivers/STM32F1xx_HAL_Driver/Src/stm32f1xx_hal.o
                0x00000000200003bc                uwTick
 COMMON         0x00000000200003c0      0x224 Src/usb_device.o
                0x00000000200003c0                hUsbDeviceFS
 COMMON         0x00000000200005e4      0x7d0 Src/usbd_cdc_if.o
                0x00000000200005e4                UserRxBufferFS
                0x00000000200009cc                UserTxBufferFS
 COMMON         0x0000000020000db4      0x460 Src/usbd_conf.o
                0x0000000020000db4                hpcd_USB_FS
 COMMON         0x0000000020001214      0x200 Src/usbd_desc.o
                0x0000000020001214                USBD_StrDesc
                0x0000000020001414                . = ALIGN (0x4)
                0x0000000020001414                _ebss = .
                0x0000000020001414                __bss_end__ = _ebss

._user_heap_stack
                0x0000000020001414      0x604 load address 0x0000000008003030
                0x0000000020001418                . = ALIGN (0x8)
 *fill*         0x0000000020001414        0x4 
                0x0000000020001418                PROVIDE (end = .)
                [!provide]                        PROVIDE (_end = .)
                0x0000000020001618                . = (. + _Min_Heap_Size)
 *fill*         0x0000000020001418      0x200 
                0x0000000020001a18                . = (. + _Min_Stack_Size)
 *fill*         0x0000000020001618      0x400 
                0x0000000020001a18                . = ALIGN (0x8)

/DISCARD/
 libc.a(*)
 libm.a(*)
 libgcc.a(*)

.ARM.attributes
                0x0000000000000000       0x29
 *(.ARM.attributes)
 .ARM.attributes
                0x0000000000000000       0x1d /home/johan/Development/stm32/Ac6/SystemWorkbench/plugins/fr.ac6.mcu.externaltools.arm-none.linux64_1.17.0.201812190825/tools/compiler/bin/../lib/gcc/arm-none-eabi/7.3.1/thumb/v7-m/crti.o
 .ARM.attributes
                0x000000000000001d       0x2d /home/johan/Development/stm32/Ac6/SystemWorkbench/plugins/fr.ac6.mcu.externaltools.arm-none.linux64_1.17.0.201812190825/tools/compiler/bin/../lib/gcc/arm-none-eabi/7.3.1/thumb/v7-m/crtbegin.o
 .ARM.attributes
                0x000000000000004a       0x33 Drivers/STM32F1xx_HAL_Driver/Src/stm32f1xx_hal.o
 .ARM.attributes
                0x000000000000007d       0x33 Drivers/STM32F1xx_HAL_Driver/Src/stm32f1xx_hal_cortex.o
 .ARM.attributes
                0x00000000000000b0       0x33 Drivers/STM32F1xx_HAL_Driver/Src/stm32f1xx_hal_gpio.o
 .ARM.attributes
                0x00000000000000e3       0x33 Drivers/STM32F1xx_HAL_Driver/Src/stm32f1xx_hal_pcd.o
 .ARM.attributes
                0x0000000000000116       0x33 Drivers/STM32F1xx_HAL_Driver/Src/stm32f1xx_hal_pcd_ex.o
 .ARM.attributes
                0x0000000000000149       0x33 Drivers/STM32F1xx_HAL_Driver/Src/stm32f1xx_hal_rcc.o
 .ARM.attributes
                0x000000000000017c       0x33 Drivers/STM32F1xx_HAL_Driver/Src/stm32f1xx_hal_rcc_ex.o
 .ARM.attributes
                0x00000000000001af       0x33 Drivers/STM32F1xx_HAL_Driver/Src/stm32f1xx_ll_usb.o
 .ARM.attributes
                0x00000000000001e2       0x33 Middlewares/ST/STM32_USB_Device_Library/Class/CDC/Src/usbd_cdc.o
 .ARM.attributes
                0x0000000000000215       0x33 Middlewares/ST/STM32_USB_Device_Library/Core/Src/usbd_core.o
 .ARM.attributes
                0x0000000000000248       0x33 Middlewares/ST/STM32_USB_Device_Library/Core/Src/usbd_ctlreq.o
 .ARM.attributes
                0x000000000000027b       0x33 Middlewares/ST/STM32_USB_Device_Library/Core/Src/usbd_ioreq.o
 .ARM.attributes
                0x00000000000002ae       0x33 Src/main.o
 .ARM.attributes
                0x00000000000002e1       0x33 Src/stm32f1xx_hal_msp.o
 .ARM.attributes
                0x0000000000000314       0x33 Src/stm32f1xx_it.o
 .ARM.attributes
                0x0000000000000347       0x33 Src/system_stm32f1xx.o
 .ARM.attributes
                0x000000000000037a       0x33 Src/usb_device.o
 .ARM.attributes
                0x00000000000003ad       0x33 Src/usbd_cdc_if.o
 .ARM.attributes
                0x00000000000003e0       0x33 Src/usbd_conf.o
 .ARM.attributes
                0x0000000000000413       0x33 Src/usbd_desc.o
 .ARM.attributes
                0x0000000000000446       0x21 startup/startup_stm32f103xb.o
 .ARM.attributes
                0x0000000000000467       0x2d /home/johan/Development/stm32/Ac6/SystemWorkbench/plugins/fr.ac6.mcu.externaltools.arm-none.linux64_1.17.0.201812190825/tools/compiler/bin/../lib/gcc/arm-none-eabi/7.3.1/../../../../arm-none-eabi/lib/thumb/v7-m/libc_nano.a(lib_a-init.o)
 .ARM.attributes
                0x0000000000000494       0x1d /home/johan/Development/stm32/Ac6/SystemWorkbench/plugins/fr.ac6.mcu.externaltools.arm-none.linux64_1.17.0.201812190825/tools/compiler/bin/../lib/gcc/arm-none-eabi/7.3.1/thumb/v7-m/crtn.o
OUTPUT(stm32_nrf24l01_usb-com-port.elf elf32-littlearm)

.debug_info     0x0000000000000000    0x166ff
 .debug_info    0x0000000000000000      0xfb4 Drivers/STM32F1xx_HAL_Driver/Src/stm32f1xx_hal.o
 .debug_info    0x0000000000000fb4     0x14bc Drivers/STM32F1xx_HAL_Driver/Src/stm32f1xx_hal_cortex.o
 .debug_info    0x0000000000002470      0xece Drivers/STM32F1xx_HAL_Driver/Src/stm32f1xx_hal_gpio.o
 .debug_info    0x000000000000333e     0x1a19 Drivers/STM32F1xx_HAL_Driver/Src/stm32f1xx_hal_pcd.o
 .debug_info    0x0000000000004d57      0xe54 Drivers/STM32F1xx_HAL_Driver/Src/stm32f1xx_hal_pcd_ex.o
 .debug_info    0x0000000000005bab     0x1236 Drivers/STM32F1xx_HAL_Driver/Src/stm32f1xx_hal_rcc.o
 .debug_info    0x0000000000006de1      0xcae Drivers/STM32F1xx_HAL_Driver/Src/stm32f1xx_hal_rcc_ex.o
 .debug_info    0x0000000000007a8f     0x1773 Drivers/STM32F1xx_HAL_Driver/Src/stm32f1xx_ll_usb.o
 .debug_info    0x0000000000009202     0x15ca Middlewares/ST/STM32_USB_Device_Library/Class/CDC/Src/usbd_cdc.o
 .debug_info    0x000000000000a7cc     0x14f2 Middlewares/ST/STM32_USB_Device_Library/Core/Src/usbd_core.o
 .debug_info    0x000000000000bcbe     0x16b1 Middlewares/ST/STM32_USB_Device_Library/Core/Src/usbd_ctlreq.o
 .debug_info    0x000000000000d36f     0x101b Middlewares/ST/STM32_USB_Device_Library/Core/Src/usbd_ioreq.o
 .debug_info    0x000000000000e38a      0xe53 Src/main.o
 .debug_info    0x000000000000f1dd      0xa65 Src/stm32f1xx_hal_msp.o
 .debug_info    0x000000000000fc42      0xe6c Src/stm32f1xx_it.o
 .debug_info    0x0000000000010aae      0xc5c Src/system_stm32f1xx.o
 .debug_info    0x000000000001170a      0xf2a Src/usb_device.o
 .debug_info    0x0000000000012634     0x10f0 Src/usbd_cdc_if.o
 .debug_info    0x0000000000013724     0x2162 Src/usbd_conf.o
 .debug_info    0x0000000000015886      0xe57 Src/usbd_desc.o
 .debug_info    0x00000000000166dd       0x22 startup/startup_stm32f103xb.o

.debug_abbrev   0x0000000000000000     0x3698
 .debug_abbrev  0x0000000000000000      0x301 Drivers/STM32F1xx_HAL_Driver/Src/stm32f1xx_hal.o
 .debug_abbrev  0x0000000000000301      0x3cd Drivers/STM32F1xx_HAL_Driver/Src/stm32f1xx_hal_cortex.o
 .debug_abbrev  0x00000000000006ce      0x2a7 Drivers/STM32F1xx_HAL_Driver/Src/stm32f1xx_hal_gpio.o
 .debug_abbrev  0x0000000000000975      0x357 Drivers/STM32F1xx_HAL_Driver/Src/stm32f1xx_hal_pcd.o
 .debug_abbrev  0x0000000000000ccc      0x232 Drivers/STM32F1xx_HAL_Driver/Src/stm32f1xx_hal_pcd_ex.o
 .debug_abbrev  0x0000000000000efe      0x335 Drivers/STM32F1xx_HAL_Driver/Src/stm32f1xx_hal_rcc.o
 .debug_abbrev  0x0000000000001233      0x2b4 Drivers/STM32F1xx_HAL_Driver/Src/stm32f1xx_hal_rcc_ex.o
 .debug_abbrev  0x00000000000014e7      0x2c3 Drivers/STM32F1xx_HAL_Driver/Src/stm32f1xx_ll_usb.o
 .debug_abbrev  0x00000000000017aa      0x31d Middlewares/ST/STM32_USB_Device_Library/Class/CDC/Src/usbd_cdc.o
 .debug_abbrev  0x0000000000001ac7      0x2ac Middlewares/ST/STM32_USB_Device_Library/Core/Src/usbd_core.o
 .debug_abbrev  0x0000000000001d73      0x329 Middlewares/ST/STM32_USB_Device_Library/Core/Src/usbd_ctlreq.o
 .debug_abbrev  0x000000000000209c      0x215 Middlewares/ST/STM32_USB_Device_Library/Core/Src/usbd_ioreq.o
 .debug_abbrev  0x00000000000022b1      0x293 Src/main.o
 .debug_abbrev  0x0000000000002544      0x1fd Src/stm32f1xx_hal_msp.o
 .debug_abbrev  0x0000000000002741      0x21d Src/stm32f1xx_it.o
 .debug_abbrev  0x000000000000295e      0x228 Src/system_stm32f1xx.o
 .debug_abbrev  0x0000000000002b86      0x21c Src/usb_device.o
 .debug_abbrev  0x0000000000002da2      0x2c9 Src/usbd_cdc_if.o
 .debug_abbrev  0x000000000000306b      0x336 Src/usbd_conf.o
 .debug_abbrev  0x00000000000033a1      0x2e5 Src/usbd_desc.o
 .debug_abbrev  0x0000000000003686       0x12 startup/startup_stm32f103xb.o

.debug_loc      0x0000000000000000     0x521e
 .debug_loc     0x0000000000000000       0xfd Drivers/STM32F1xx_HAL_Driver/Src/stm32f1xx_hal.o
 .debug_loc     0x00000000000000fd      0x5ad Drivers/STM32F1xx_HAL_Driver/Src/stm32f1xx_hal_cortex.o
 .debug_loc     0x00000000000006aa      0x44e Drivers/STM32F1xx_HAL_Driver/Src/stm32f1xx_hal_gpio.o
 .debug_loc     0x0000000000000af8      0xa6c Drivers/STM32F1xx_HAL_Driver/Src/stm32f1xx_hal_pcd.o
 .debug_loc     0x0000000000001564       0xf4 Drivers/STM32F1xx_HAL_Driver/Src/stm32f1xx_hal_pcd_ex.o
 .debug_loc     0x0000000000001658      0x4f6 Drivers/STM32F1xx_HAL_Driver/Src/stm32f1xx_hal_rcc.o
 .debug_loc     0x0000000000001b4e      0x2d0 Drivers/STM32F1xx_HAL_Driver/Src/stm32f1xx_hal_rcc_ex.o
 .debug_loc     0x0000000000001e1e      0xc0d Drivers/STM32F1xx_HAL_Driver/Src/stm32f1xx_ll_usb.o
 .debug_loc     0x0000000000002a2b      0x4a4 Middlewares/ST/STM32_USB_Device_Library/Class/CDC/Src/usbd_cdc.o
 .debug_loc     0x0000000000002ecf      0x6f8 Middlewares/ST/STM32_USB_Device_Library/Core/Src/usbd_core.o
 .debug_loc     0x00000000000035c7      0xb38 Middlewares/ST/STM32_USB_Device_Library/Core/Src/usbd_ctlreq.o
 .debug_loc     0x00000000000040ff      0x23c Middlewares/ST/STM32_USB_Device_Library/Core/Src/usbd_ioreq.o
 .debug_loc     0x000000000000433b       0xdf Src/system_stm32f1xx.o
 .debug_loc     0x000000000000441a      0x113 Src/usbd_cdc_if.o
 .debug_loc     0x000000000000452d      0x9e3 Src/usbd_conf.o
 .debug_loc     0x0000000000004f10      0x30e Src/usbd_desc.o

.debug_aranges  0x0000000000000000      0x9c8
 .debug_aranges
                0x0000000000000000       0xd0 Drivers/STM32F1xx_HAL_Driver/Src/stm32f1xx_hal.o
 .debug_aranges
                0x00000000000000d0       0x90 Drivers/STM32F1xx_HAL_Driver/Src/stm32f1xx_hal_cortex.o
 .debug_aranges
                0x0000000000000160       0x58 Drivers/STM32F1xx_HAL_Driver/Src/stm32f1xx_hal_gpio.o
 .debug_aranges
                0x00000000000001b8      0x120 Drivers/STM32F1xx_HAL_Driver/Src/stm32f1xx_hal_pcd.o
 .debug_aranges
                0x00000000000002d8       0x28 Drivers/STM32F1xx_HAL_Driver/Src/stm32f1xx_hal_pcd_ex.o
 .debug_aranges
                0x0000000000000300       0x90 Drivers/STM32F1xx_HAL_Driver/Src/stm32f1xx_hal_rcc.o
 .debug_aranges
                0x0000000000000390       0x30 Drivers/STM32F1xx_HAL_Driver/Src/stm32f1xx_hal_rcc_ex.o
 .debug_aranges
                0x00000000000003c0      0x100 Drivers/STM32F1xx_HAL_Driver/Src/stm32f1xx_ll_usb.o
 .debug_aranges
                0x00000000000004c0       0x90 Middlewares/ST/STM32_USB_Device_Library/Class/CDC/Src/usbd_cdc.o
 .debug_aranges
                0x0000000000000550       0xb8 Middlewares/ST/STM32_USB_Device_Library/Core/Src/usbd_core.o
 .debug_aranges
                0x0000000000000608       0x88 Middlewares/ST/STM32_USB_Device_Library/Core/Src/usbd_ctlreq.o
 .debug_aranges
                0x0000000000000690       0x50 Middlewares/ST/STM32_USB_Device_Library/Core/Src/usbd_ioreq.o
 .debug_aranges
                0x00000000000006e0       0x38 Src/main.o
 .debug_aranges
                0x0000000000000718       0x20 Src/stm32f1xx_hal_msp.o
 .debug_aranges
                0x0000000000000738       0x68 Src/stm32f1xx_it.o
 .debug_aranges
                0x00000000000007a0       0x28 Src/system_stm32f1xx.o
 .debug_aranges
                0x00000000000007c8       0x20 Src/usb_device.o
 .debug_aranges
                0x00000000000007e8       0x40 Src/usbd_cdc_if.o
 .debug_aranges
                0x0000000000000828      0x118 Src/usbd_conf.o
 .debug_aranges
                0x0000000000000940       0x60 Src/usbd_desc.o
 .debug_aranges
                0x00000000000009a0       0x28 startup/startup_stm32f103xb.o

.debug_ranges   0x0000000000000000      0xa38
 .debug_ranges  0x0000000000000000       0xc0 Drivers/STM32F1xx_HAL_Driver/Src/stm32f1xx_hal.o
 .debug_ranges  0x00000000000000c0       0xe0 Drivers/STM32F1xx_HAL_Driver/Src/stm32f1xx_hal_cortex.o
 .debug_ranges  0x00000000000001a0       0x48 Drivers/STM32F1xx_HAL_Driver/Src/stm32f1xx_hal_gpio.o
 .debug_ranges  0x00000000000001e8      0x140 Drivers/STM32F1xx_HAL_Driver/Src/stm32f1xx_hal_pcd.o
 .debug_ranges  0x0000000000000328       0x18 Drivers/STM32F1xx_HAL_Driver/Src/stm32f1xx_hal_pcd_ex.o
 .debug_ranges  0x0000000000000340       0xa0 Drivers/STM32F1xx_HAL_Driver/Src/stm32f1xx_hal_rcc.o
 .debug_ranges  0x00000000000003e0       0x38 Drivers/STM32F1xx_HAL_Driver/Src/stm32f1xx_hal_rcc_ex.o
 .debug_ranges  0x0000000000000418      0x1e0 Drivers/STM32F1xx_HAL_Driver/Src/stm32f1xx_ll_usb.o
 .debug_ranges  0x00000000000005f8       0x80 Middlewares/ST/STM32_USB_Device_Library/Class/CDC/Src/usbd_cdc.o
 .debug_ranges  0x0000000000000678       0xa8 Middlewares/ST/STM32_USB_Device_Library/Core/Src/usbd_core.o
 .debug_ranges  0x0000000000000720       0x78 Middlewares/ST/STM32_USB_Device_Library/Core/Src/usbd_ctlreq.o
 .debug_ranges  0x0000000000000798       0x40 Middlewares/ST/STM32_USB_Device_Library/Core/Src/usbd_ioreq.o
 .debug_ranges  0x00000000000007d8       0x28 Src/main.o
 .debug_ranges  0x0000000000000800       0x10 Src/stm32f1xx_hal_msp.o
 .debug_ranges  0x0000000000000810       0x58 Src/stm32f1xx_it.o
 .debug_ranges  0x0000000000000868       0x18 Src/system_stm32f1xx.o
 .debug_ranges  0x0000000000000880       0x10 Src/usb_device.o
 .debug_ranges  0x0000000000000890       0x30 Src/usbd_cdc_if.o
 .debug_ranges  0x00000000000008c0      0x108 Src/usbd_conf.o
 .debug_ranges  0x00000000000009c8       0x50 Src/usbd_desc.o
 .debug_ranges  0x0000000000000a18       0x20 startup/startup_stm32f103xb.o

.debug_macro    0x0000000000000000    0x1717b
 .debug_macro   0x0000000000000000      0x30e Drivers/STM32F1xx_HAL_Driver/Src/stm32f1xx_hal.o
 .debug_macro   0x000000000000030e      0xa60 Drivers/STM32F1xx_HAL_Driver/Src/stm32f1xx_hal.o
 .debug_macro   0x0000000000000d6e      0x169 Drivers/STM32F1xx_HAL_Driver/Src/stm32f1xx_hal.o
 .debug_macro   0x0000000000000ed7       0x2e Drivers/STM32F1xx_HAL_Driver/Src/stm32f1xx_hal.o
 .debug_macro   0x0000000000000f05       0x22 Drivers/STM32F1xx_HAL_Driver/Src/stm32f1xx_hal.o
 .debug_macro   0x0000000000000f27       0x22 Drivers/STM32F1xx_HAL_Driver/Src/stm32f1xx_hal.o
 .debug_macro   0x0000000000000f49       0x8e Drivers/STM32F1xx_HAL_Driver/Src/stm32f1xx_hal.o
 .debug_macro   0x0000000000000fd7       0x51 Drivers/STM32F1xx_HAL_Driver/Src/stm32f1xx_hal.o
 .debug_macro   0x0000000000001028       0xef Drivers/STM32F1xx_HAL_Driver/Src/stm32f1xx_hal.o
 .debug_macro   0x0000000000001117       0x6a Drivers/STM32F1xx_HAL_Driver/Src/stm32f1xx_hal.o
 .debug_macro   0x0000000000001181      0x1df Drivers/STM32F1xx_HAL_Driver/Src/stm32f1xx_hal.o
 .debug_macro   0x0000000000001360       0x34 Drivers/STM32F1xx_HAL_Driver/Src/stm32f1xx_hal.o
 .debug_macro   0x0000000000001394       0x34 Drivers/STM32F1xx_HAL_Driver/Src/stm32f1xx_hal.o
 .debug_macro   0x00000000000013c8      0xb8e Drivers/STM32F1xx_HAL_Driver/Src/stm32f1xx_hal.o
 .debug_macro   0x0000000000001f56     0xe911 Drivers/STM32F1xx_HAL_Driver/Src/stm32f1xx_hal.o
 .debug_macro   0x0000000000010867       0x43 Drivers/STM32F1xx_HAL_Driver/Src/stm32f1xx_hal.o
 .debug_macro   0x00000000000108aa       0x5e Drivers/STM32F1xx_HAL_Driver/Src/stm32f1xx_hal.o
 .debug_macro   0x0000000000010908       0x18 Drivers/STM32F1xx_HAL_Driver/Src/stm32f1xx_hal.o
 .debug_macro   0x0000000000010920       0x35 Drivers/STM32F1xx_HAL_Driver/Src/stm32f1xx_hal.o
 .debug_macro   0x0000000000010955       0x34 Drivers/STM32F1xx_HAL_Driver/Src/stm32f1xx_hal.o
 .debug_macro   0x0000000000010989       0x16 Drivers/STM32F1xx_HAL_Driver/Src/stm32f1xx_hal.o
 .debug_macro   0x000000000001099f       0x97 Drivers/STM32F1xx_HAL_Driver/Src/stm32f1xx_hal.o
 .debug_macro   0x0000000000010a36      0x330 Drivers/STM32F1xx_HAL_Driver/Src/stm32f1xx_hal.o
 .debug_macro   0x0000000000010d66       0xfd Drivers/STM32F1xx_HAL_Driver/Src/stm32f1xx_hal.o
 .debug_macro   0x0000000000010e63       0x10 Drivers/STM32F1xx_HAL_Driver/Src/stm32f1xx_hal.o
 .debug_macro   0x0000000000010e73       0x58 Drivers/STM32F1xx_HAL_Driver/Src/stm32f1xx_hal.o
 .debug_macro   0x0000000000010ecb       0x1f Drivers/STM32F1xx_HAL_Driver/Src/stm32f1xx_hal.o
 .debug_macro   0x0000000000010eea       0x43 Drivers/STM32F1xx_HAL_Driver/Src/stm32f1xx_hal.o
 .debug_macro   0x0000000000010f2d       0x20 Drivers/STM32F1xx_HAL_Driver/Src/stm32f1xx_hal.o
 .debug_macro   0x0000000000010f4d      0x18e Drivers/STM32F1xx_HAL_Driver/Src/stm32f1xx_hal.o
 .debug_macro   0x00000000000110db       0x10 Drivers/STM32F1xx_HAL_Driver/Src/stm32f1xx_hal.o
 .debug_macro   0x00000000000110eb       0x1c Drivers/STM32F1xx_HAL_Driver/Src/stm32f1xx_hal.o
 .debug_macro   0x0000000000011107       0x52 Drivers/STM32F1xx_HAL_Driver/Src/stm32f1xx_hal.o
 .debug_macro   0x0000000000011159       0x40 Drivers/STM32F1xx_HAL_Driver/Src/stm32f1xx_hal.o
 .debug_macro   0x0000000000011199       0x10 Drivers/STM32F1xx_HAL_Driver/Src/stm32f1xx_hal.o
 .debug_macro   0x00000000000111a9       0x40 Drivers/STM32F1xx_HAL_Driver/Src/stm32f1xx_hal.o
 .debug_macro   0x00000000000111e9       0xd7 Drivers/STM32F1xx_HAL_Driver/Src/stm32f1xx_hal.o
 .debug_macro   0x00000000000112c0       0x1c Drivers/STM32F1xx_HAL_Driver/Src/stm32f1xx_hal.o
 .debug_macro   0x00000000000112dc       0x3d Drivers/STM32F1xx_HAL_Driver/Src/stm32f1xx_hal.o
 .debug_macro   0x0000000000011319       0x16 Drivers/STM32F1xx_HAL_Driver/Src/stm32f1xx_hal.o
 .debug_macro   0x000000000001132f      0x16f Drivers/STM32F1xx_HAL_Driver/Src/stm32f1xx_hal.o
 .debug_macro   0x000000000001149e       0x50 Drivers/STM32F1xx_HAL_Driver/Src/stm32f1xx_hal.o
 .debug_macro   0x00000000000114ee      0x5c2 Drivers/STM32F1xx_HAL_Driver/Src/stm32f1xx_hal.o
 .debug_macro   0x0000000000011ab0      0x28a Drivers/STM32F1xx_HAL_Driver/Src/stm32f1xx_hal.o
 .debug_macro   0x0000000000011d3a      0x1cb Drivers/STM32F1xx_HAL_Driver/Src/stm32f1xx_hal.o
 .debug_macro   0x0000000000011f05      0x11e Drivers/STM32F1xx_HAL_Driver/Src/stm32f1xx_hal.o
 .debug_macro   0x0000000000012023      0x1b3 Drivers/STM32F1xx_HAL_Driver/Src/stm32f1xx_hal.o
 .debug_macro   0x00000000000121d6       0x27 Drivers/STM32F1xx_HAL_Driver/Src/stm32f1xx_hal.o
 .debug_macro   0x00000000000121fd      0x1bc Drivers/STM32F1xx_HAL_Driver/Src/stm32f1xx_hal.o
 .debug_macro   0x00000000000123b9       0x34 Drivers/STM32F1xx_HAL_Driver/Src/stm32f1xx_hal.o
 .debug_macro   0x00000000000123ed       0x3c Drivers/STM32F1xx_HAL_Driver/Src/stm32f1xx_hal.o
 .debug_macro   0x0000000000012429       0x57 Drivers/STM32F1xx_HAL_Driver/Src/stm32f1xx_hal.o
 .debug_macro   0x0000000000012480       0x8c Drivers/STM32F1xx_HAL_Driver/Src/stm32f1xx_hal.o
 .debug_macro   0x000000000001250c      0x242 Drivers/STM32F1xx_HAL_Driver/Src/stm32f1xx_hal.o
 .debug_macro   0x000000000001274e      0x143 Drivers/STM32F1xx_HAL_Driver/Src/stm32f1xx_hal.o
 .debug_macro   0x0000000000012891       0x50 Drivers/STM32F1xx_HAL_Driver/Src/stm32f1xx_hal.o
 .debug_macro   0x00000000000128e1      0x26c Drivers/STM32F1xx_HAL_Driver/Src/stm32f1xx_hal.o
 .debug_macro   0x0000000000012b4d       0x83 Drivers/STM32F1xx_HAL_Driver/Src/stm32f1xx_hal.o
 .debug_macro   0x0000000000012bd0      0x2ea Drivers/STM32F1xx_HAL_Driver/Src/stm32f1xx_hal_cortex.o
 .debug_macro   0x0000000000012eba      0x35a Drivers/STM32F1xx_HAL_Driver/Src/stm32f1xx_hal_gpio.o
 .debug_macro   0x0000000000013214      0x2f6 Drivers/STM32F1xx_HAL_Driver/Src/stm32f1xx_hal_pcd.o
 .debug_macro   0x000000000001350a      0x2ea Drivers/STM32F1xx_HAL_Driver/Src/stm32f1xx_hal_pcd_ex.o
 .debug_macro   0x00000000000137f4      0x2fc Drivers/STM32F1xx_HAL_Driver/Src/stm32f1xx_hal_rcc.o
 .debug_macro   0x0000000000013af0      0x2ea Drivers/STM32F1xx_HAL_Driver/Src/stm32f1xx_hal_rcc_ex.o
 .debug_macro   0x0000000000013dda      0x2ea Drivers/STM32F1xx_HAL_Driver/Src/stm32f1xx_ll_usb.o
 .debug_macro   0x00000000000140c4      0x3be Middlewares/ST/STM32_USB_Device_Library/Class/CDC/Src/usbd_cdc.o
 .debug_macro   0x0000000000014482       0x58 Middlewares/ST/STM32_USB_Device_Library/Class/CDC/Src/usbd_cdc.o
 .debug_macro   0x00000000000144da       0x94 Middlewares/ST/STM32_USB_Device_Library/Class/CDC/Src/usbd_cdc.o
 .debug_macro   0x000000000001456e       0x57 Middlewares/ST/STM32_USB_Device_Library/Class/CDC/Src/usbd_cdc.o
 .debug_macro   0x00000000000145c5       0x16 Middlewares/ST/STM32_USB_Device_Library/Class/CDC/Src/usbd_cdc.o
 .debug_macro   0x00000000000145db       0x35 Middlewares/ST/STM32_USB_Device_Library/Class/CDC/Src/usbd_cdc.o
 .debug_macro   0x0000000000014610       0x16 Middlewares/ST/STM32_USB_Device_Library/Class/CDC/Src/usbd_cdc.o
 .debug_macro   0x0000000000014626       0x29 Middlewares/ST/STM32_USB_Device_Library/Class/CDC/Src/usbd_cdc.o
 .debug_macro   0x000000000001464f       0x16 Middlewares/ST/STM32_USB_Device_Library/Class/CDC/Src/usbd_cdc.o
 .debug_macro   0x0000000000014665       0x10 Middlewares/ST/STM32_USB_Device_Library/Class/CDC/Src/usbd_cdc.o
 .debug_macro   0x0000000000014675       0x66 Middlewares/ST/STM32_USB_Device_Library/Class/CDC/Src/usbd_cdc.o
 .debug_macro   0x00000000000146db      0x1c3 Middlewares/ST/STM32_USB_Device_Library/Class/CDC/Src/usbd_cdc.o
 .debug_macro   0x000000000001489e       0x83 Middlewares/ST/STM32_USB_Device_Library/Class/CDC/Src/usbd_cdc.o
 .debug_macro   0x0000000000014921       0x1c Middlewares/ST/STM32_USB_Device_Library/Class/CDC/Src/usbd_cdc.o
 .debug_macro   0x000000000001493d      0x392 Middlewares/ST/STM32_USB_Device_Library/Core/Src/usbd_core.o
 .debug_macro   0x0000000000014ccf      0x1c9 Middlewares/ST/STM32_USB_Device_Library/Core/Src/usbd_core.o
 .debug_macro   0x0000000000014e98      0x39c Middlewares/ST/STM32_USB_Device_Library/Core/Src/usbd_ctlreq.o
 .debug_macro   0x0000000000015234      0x398 Middlewares/ST/STM32_USB_Device_Library/Core/Src/usbd_ioreq.o
 .debug_macro   0x00000000000155cc      0x384 Src/main.o
 .debug_macro   0x0000000000015950      0x2f9 Src/stm32f1xx_hal_msp.o
 .debug_macro   0x0000000000015c49      0x303 Src/stm32f1xx_it.o
 .debug_macro   0x0000000000015f4c      0x2f0 Src/system_stm32f1xx.o
 .debug_macro   0x000000000001623c      0x3cc Src/usb_device.o
 .debug_macro   0x0000000000016608       0x16 Src/usb_device.o
 .debug_macro   0x000000000001661e       0x22 Src/usb_device.o
 .debug_macro   0x0000000000016640      0x3bd Src/usbd_cdc_if.o
 .debug_macro   0x00000000000169fd      0x3af Src/usbd_conf.o
 .debug_macro   0x0000000000016dac      0x3cf Src/usbd_desc.o

.debug_line     0x0000000000000000     0xc727
 .debug_line    0x0000000000000000      0x996 Drivers/STM32F1xx_HAL_Driver/Src/stm32f1xx_hal.o
 .debug_line    0x0000000000000996      0x9ae Drivers/STM32F1xx_HAL_Driver/Src/stm32f1xx_hal_cortex.o
 .debug_line    0x0000000000001344      0x993 Drivers/STM32F1xx_HAL_Driver/Src/stm32f1xx_hal_gpio.o
 .debug_line    0x0000000000001cd7      0xcc3 Drivers/STM32F1xx_HAL_Driver/Src/stm32f1xx_hal_pcd.o
 .debug_line    0x000000000000299a      0x812 Drivers/STM32F1xx_HAL_Driver/Src/stm32f1xx_hal_pcd_ex.o
 .debug_line    0x00000000000031ac      0xab4 Drivers/STM32F1xx_HAL_Driver/Src/stm32f1xx_hal_rcc.o
 .debug_line    0x0000000000003c60      0x89c Drivers/STM32F1xx_HAL_Driver/Src/stm32f1xx_hal_rcc_ex.o
 .debug_line    0x00000000000044fc      0xc0d Drivers/STM32F1xx_HAL_Driver/Src/stm32f1xx_ll_usb.o
 .debug_line    0x0000000000005109      0xb28 Middlewares/ST/STM32_USB_Device_Library/Class/CDC/Src/usbd_cdc.o
 .debug_line    0x0000000000005c31      0xb0d Middlewares/ST/STM32_USB_Device_Library/Core/Src/usbd_core.o
 .debug_line    0x000000000000673e      0xb2b Middlewares/ST/STM32_USB_Device_Library/Core/Src/usbd_ctlreq.o
 .debug_line    0x0000000000007269      0x990 Middlewares/ST/STM32_USB_Device_Library/Core/Src/usbd_ioreq.o
 .debug_line    0x0000000000007bf9      0x91b Src/main.o
 .debug_line    0x0000000000008514      0x7e2 Src/stm32f1xx_hal_msp.o
 .debug_line    0x0000000000008cf6      0x882 Src/stm32f1xx_it.o
 .debug_line    0x0000000000009578      0x813 Src/system_stm32f1xx.o
 .debug_line    0x0000000000009d8b      0x9b0 Src/usb_device.o
 .debug_line    0x000000000000a73b      0x9da Src/usbd_cdc_if.o
 .debug_line    0x000000000000b115      0xbdc Src/usbd_conf.o
 .debug_line    0x000000000000bcf1      0x9b9 Src/usbd_desc.o
 .debug_line    0x000000000000c6aa       0x7d startup/startup_stm32f103xb.o

.debug_str      0x0000000000000000    0x6d090
 .debug_str     0x0000000000000000    0x69ec1 Drivers/STM32F1xx_HAL_Driver/Src/stm32f1xx_hal.o
                                      0x6a28d (size before relaxing)
 .debug_str     0x0000000000069ec1      0x2e1 Drivers/STM32F1xx_HAL_Driver/Src/stm32f1xx_hal_cortex.o
                                      0x6a25c (size before relaxing)
 .debug_str     0x000000000006a1a2      0x3a3 Drivers/STM32F1xx_HAL_Driver/Src/stm32f1xx_hal_gpio.o
                                      0x69fa3 (size before relaxing)
 .debug_str     0x000000000006a545      0x811 Drivers/STM32F1xx_HAL_Driver/Src/stm32f1xx_hal_pcd.o
                                      0x6a411 (size before relaxing)
 .debug_str     0x000000000006ad56       0x57 Drivers/STM32F1xx_HAL_Driver/Src/stm32f1xx_hal_pcd_ex.o
                                      0x69eee (size before relaxing)
 .debug_str     0x000000000006adad      0x368 Drivers/STM32F1xx_HAL_Driver/Src/stm32f1xx_hal_rcc.o
                                      0x69ff8 (size before relaxing)
 .debug_str     0x000000000006b115      0x12b Drivers/STM32F1xx_HAL_Driver/Src/stm32f1xx_hal_rcc_ex.o
                                      0x69d84 (size before relaxing)
 .debug_str     0x000000000006b240      0x15b Drivers/STM32F1xx_HAL_Driver/Src/stm32f1xx_ll_usb.o
                                      0x6a0c1 (size before relaxing)
 .debug_str     0x000000000006b39b     0x1358 Middlewares/ST/STM32_USB_Device_Library/Class/CDC/Src/usbd_cdc.o
                                      0x6afe9 (size before relaxing)
 .debug_str     0x000000000006c6f3      0x294 Middlewares/ST/STM32_USB_Device_Library/Core/Src/usbd_core.o
                                      0x6ac41 (size before relaxing)
 .debug_str     0x000000000006c987      0x12e Middlewares/ST/STM32_USB_Device_Library/Core/Src/usbd_ctlreq.o
                                      0x6ab5b (size before relaxing)
 .debug_str     0x000000000006cab5       0x51 Middlewares/ST/STM32_USB_Device_Library/Core/Src/usbd_ioreq.o
                                      0x6aa88 (size before relaxing)
 .debug_str     0x000000000006cb06       0x77 Src/main.o
                                      0x6a89f (size before relaxing)
 .debug_str     0x000000000006cb7d       0x1b Src/stm32f1xx_hal_msp.o
                                      0x69beb (size before relaxing)
 .debug_str     0x000000000006cb98       0xc4 Src/stm32f1xx_it.o
                                      0x69f69 (size before relaxing)
 .debug_str     0x000000000006cc5c       0x69 Src/system_stm32f1xx.o
                                      0x69c4e (size before relaxing)
 .debug_str     0x000000000006ccc5       0x4b Src/usb_device.o
                                      0x6ad8b (size before relaxing)
 .debug_str     0x000000000006cd10       0xa7 Src/usbd_cdc_if.o
                                      0x6adf9 (size before relaxing)
 .debug_str     0x000000000006cdb7       0x65 Src/usbd_conf.o
                                      0x6b7d4 (size before relaxing)
 .debug_str     0x000000000006ce1c      0x245 Src/usbd_desc.o
                                      0x6a9b9 (size before relaxing)
 .debug_str     0x000000000006d061       0x2f startup/startup_stm32f103xb.o
                                         0x78 (size before relaxing)

.comment        0x0000000000000000       0x7f
 .comment       0x0000000000000000       0x7f Drivers/STM32F1xx_HAL_Driver/Src/stm32f1xx_hal.o
                                         0x80 (size before relaxing)
 .comment       0x000000000000007f       0x80 Drivers/STM32F1xx_HAL_Driver/Src/stm32f1xx_hal_cortex.o
 .comment       0x000000000000007f       0x80 Drivers/STM32F1xx_HAL_Driver/Src/stm32f1xx_hal_gpio.o
 .comment       0x000000000000007f       0x80 Drivers/STM32F1xx_HAL_Driver/Src/stm32f1xx_hal_pcd.o
 .comment       0x000000000000007f       0x80 Drivers/STM32F1xx_HAL_Driver/Src/stm32f1xx_hal_pcd_ex.o
 .comment       0x000000000000007f       0x80 Drivers/STM32F1xx_HAL_Driver/Src/stm32f1xx_hal_rcc.o
 .comment       0x000000000000007f       0x80 Drivers/STM32F1xx_HAL_Driver/Src/stm32f1xx_hal_rcc_ex.o
 .comment       0x000000000000007f       0x80 Drivers/STM32F1xx_HAL_Driver/Src/stm32f1xx_ll_usb.o
 .comment       0x000000000000007f       0x80 Middlewares/ST/STM32_USB_Device_Library/Class/CDC/Src/usbd_cdc.o
 .comment       0x000000000000007f       0x80 Middlewares/ST/STM32_USB_Device_Library/Core/Src/usbd_core.o
 .comment       0x000000000000007f       0x80 Middlewares/ST/STM32_USB_Device_Library/Core/Src/usbd_ctlreq.o
 .comment       0x000000000000007f       0x80 Middlewares/ST/STM32_USB_Device_Library/Core/Src/usbd_ioreq.o
 .comment       0x000000000000007f       0x80 Src/main.o
 .comment       0x000000000000007f       0x80 Src/stm32f1xx_hal_msp.o
 .comment       0x000000000000007f       0x80 Src/stm32f1xx_it.o
 .comment       0x000000000000007f       0x80 Src/system_stm32f1xx.o
 .comment       0x000000000000007f       0x80 Src/usb_device.o
 .comment       0x000000000000007f       0x80 Src/usbd_cdc_if.o
 .comment       0x000000000000007f       0x80 Src/usbd_conf.o
 .comment       0x000000000000007f       0x80 Src/usbd_desc.o

.debug_frame    0x0000000000000000     0x165c
 .debug_frame   0x0000000000000000      0x1ac Drivers/STM32F1xx_HAL_Driver/Src/stm32f1xx_hal.o
 .debug_frame   0x00000000000001ac      0x12c Drivers/STM32F1xx_HAL_Driver/Src/stm32f1xx_hal_cortex.o
 .debug_frame   0x00000000000002d8       0xd4 Drivers/STM32F1xx_HAL_Driver/Src/stm32f1xx_hal_gpio.o
 .debug_frame   0x00000000000003ac      0x300 Drivers/STM32F1xx_HAL_Driver/Src/stm32f1xx_hal_pcd.o
 .debug_frame   0x00000000000006ac       0x30 Drivers/STM32F1xx_HAL_Driver/Src/stm32f1xx_hal_pcd_ex.o
 .debug_frame   0x00000000000006dc      0x174 Drivers/STM32F1xx_HAL_Driver/Src/stm32f1xx_hal_rcc.o
 .debug_frame   0x0000000000000850       0x6c Drivers/STM32F1xx_HAL_Driver/Src/stm32f1xx_hal_rcc_ex.o
 .debug_frame   0x00000000000008bc      0x23c Drivers/STM32F1xx_HAL_Driver/Src/stm32f1xx_ll_usb.o
 .debug_frame   0x0000000000000af8      0x14c Middlewares/ST/STM32_USB_Device_Library/Class/CDC/Src/usbd_cdc.o
 .debug_frame   0x0000000000000c44      0x1bc Middlewares/ST/STM32_USB_Device_Library/Core/Src/usbd_core.o
 .debug_frame   0x0000000000000e00      0x17c Middlewares/ST/STM32_USB_Device_Library/Core/Src/usbd_ctlreq.o
 .debug_frame   0x0000000000000f7c       0xb8 Middlewares/ST/STM32_USB_Device_Library/Core/Src/usbd_ioreq.o
 .debug_frame   0x0000000000001034       0x78 Src/main.o
 .debug_frame   0x00000000000010ac       0x28 Src/stm32f1xx_hal_msp.o
 .debug_frame   0x00000000000010d4       0xc0 Src/stm32f1xx_it.o
 .debug_frame   0x0000000000001194       0x30 Src/system_stm32f1xx.o
 .debug_frame   0x00000000000011c4       0x28 Src/usb_device.o
 .debug_frame   0x00000000000011ec       0x78 Src/usbd_cdc_if.o
 .debug_frame   0x0000000000001264      0x2ec Src/usbd_conf.o
 .debug_frame   0x0000000000001550       0xe0 Src/usbd_desc.o
 .debug_frame   0x0000000000001630       0x2c /home/johan/Development/stm32/Ac6/SystemWorkbench/plugins/fr.ac6.mcu.externaltools.arm-none.linux64_1.17.0.201812190825/tools/compiler/bin/../lib/gcc/arm-none-eabi/7.3.1/../../../../arm-none-eabi/lib/thumb/v7-m/libc_nano.a(lib_a-init.o)
